
> salestracker-pro@0.1.0 build
> next build

Ôû▓ Next.js 16.1.6 (Turbopack)
- Environments: .env.local

node.exe : ÔÜá The 
"middleware" file convention 
is deprecated. Please use 
"proxy" instead. Learn more: h
ttps://nextjs.org/docs/message
s/middleware-to-proxy
En línea: 1 Carácter: 1
+ & "C:\Program 
Files\nodejs/node.exe" 
"C:\Program 
Files\nodejs/node_mo ...
+ ~~~~~~~~~~~~~~~~~~~~~~~~~~~~
~~~~~~~~~~~~~~~~~~~~~~~~~~~~~~
~~~~~~~~~~~
    + CategoryInfo          : 
    NotSpecified: (ÔÜá The "  
  middle...leware-to-proxy:   
 String) [], RemoteExcepti    
on
    + FullyQualifiedErrorId : 
    NativeCommandError
 
  Creating an optimized production build ...

> Build error occurred
Error: Turbopack build failed 
with 17 errors:
./src/app/(dashboard)/tablas/p
age.tsx:29:1
Module not found: Can't 
resolve '../../../../actions/c
ategory-actions'
[0m [90m 27 |[39m 
[36mimport[39m { toast } 
[36mfrom[39m 
[32m"sonner"[39m[33m;[39m
 [90m 28 |[39m 
[36mimport[39m { 
upsertSalesRecord[33m,[39m 
getSalesData } [36mfrom[39m 
[32m"../../../../actions/sale
s-actions"[39m[33m;[39m
[31m[1m>[22m[39m[90m 29 
|[39m [36mimport[39m { 
getCategories } 
[36mfrom[39m [32m"../../../
../actions/category-actions"[
39m[33m;[39m
 [90m    |[39m [31m[1m^[2
2m[39m[31m[1m^[22m[39m[3
1m[1m^[22m[39m[31m[1m^[2
2m[39m[31m[1m^[22m[39m[3
1m[1m^[22m[39m[31m[1m^[2
2m[39m[31m[1m^[22m[39m[3
1m[1m^[22m[39m[31m[1m^[2
2m[39m[31m[1m^[22m[39m[3
1m[1m^[22m[39m[31m[1m^[2
2m[39m[31m[1m^[22m[39m[3
1m[1m^[22m[39m[31m[1m^[2
2m[39m[31m[1m^[22m[39m[3
1m[1m^[22m[39m[31m[1m^[2
2m[39m[31m[1m^[22m[39m[3
1m[1m^[22m[39m[31m[1m^[2
2m[39m[31m[1m^[22m[39m[3
1m[1m^[22m[39m[31m[1m^[2
2m[39m[31m[1m^[22m[39m[3
1m[1m^[22m[39m[31m[1m^[2
2m[39m[31m[1m^[22m[39m[3
1m[1m^[22m[39m[31m[1m^[2
2m[39m[31m[1m^[22m[39m[3
1m[1m^[22m[39m[31m[1m^[2
2m[39m[31m[1m^[22m[39m[3
1m[1m^[22m[39m[31m[1m^[2
2m[39m[31m[1m^[22m[39m[3
1m[1m^[22m[39m[31m[1m^[2
2m[39m[31m[1m^[22m[39m[3
1m[1m^[22m[39m[31m[1m^[2
2m[39m[31m[1m^[22m[39m[3
1m[1m^[22m[39m[31m[1m^[2
2m[39m[31m[1m^[22m[39m[3
1m[1m^[22m[39m[31m[1m^[2
2m[39m[31m[1m^[22m[39m[3
1m[1m^[22m[39m[31m[1m^[2
2m[39m[31m[1m^[22m[39m[3
1m[1m^[22m[39m[31m[1m^[2
2m[39m[31m[1m^[22m[39m[3
1m[1m^[22m[39m[31m[1m^[2
2m[39m[31m[1m^[22m[39m[3
1m[1m^[22m[39m[31m[1m^[2
2m[39m[31m[1m^[22m[39m[3
1m[1m^[22m[39m[31m[1m^[2
2m[39m[31m[1m^[22m[39m[3
1m[1m^[22m[39m[31m[1m^[2
2m[39m[31m[1m^[22m[39m[3
1m[1m^[22m[39m
 [90m 30 |[39m 
[36mimport[39m { useAuth } 
[36mfrom[39m [32m"../../../
../components/providers/auth-p
rovider"[39m[33m;[39m
 [90m 31 |[39m 
[36mimport[39m { cn } 
[36mfrom[39m [32m"../../../
../lib/utils"[39m[33m;[39m
 [90m 32 |[39m[0m



Import traces:
  Client Component Browser:
    ./src/app/(dashboard)/tabl
as/page.tsx [Client Component 
Browser]
    ./src/app/(dashboard)/tabl
as/page.tsx [Server Component]

  Client Component SSR:
    ./src/app/(dashboard)/tabl
as/page.tsx [Client Component 
SSR]
    ./src/app/(dashboard)/tabl
as/page.tsx [Server Component]

https://nextjs.org/docs/messag
es/module-not-found


./src/app/(dashboard)/tablas/p
age.tsx:28:1
Module not found: Can't 
resolve '../../../../actions/s
ales-actions'
[0m [90m 26 |[39m 
[36mimport[39m { 
[33mEdit2[39m[33m,[39m 
[33mSave[39m[33m,[39m 
[33mX[39m[33m,[39m 
[33mDownload[39m } 
[36mfrom[39m [32m"lucide-re
act"[39m[33m;[39m
 [90m 27 |[39m 
[36mimport[39m { toast } 
[36mfrom[39m 
[32m"sonner"[39m[33m;[39m
[31m[1m>[22m[39m[90m 28 
|[39m [36mimport[39m { 
upsertSalesRecord[33m,[39m 
getSalesData } [36mfrom[39m 
[32m"../../../../actions/sale
s-actions"[39m[33m;[39m
 [90m    |[39m [31m[1m^[2
2m[39m[31m[1m^[22m[39m[3
1m[1m^[22m[39m[31m[1m^[2
2m[39m[31m[1m^[22m[39m[3
1m[1m^[22m[39m[31m[1m^[2
2m[39m[31m[1m^[22m[39m[3
1m[1m^[22m[39m[31m[1m^[2
2m[39m[31m[1m^[22m[39m[3
1m[1m^[22m[39m[31m[1m^[2
2m[39m[31m[1m^[22m[39m[3
1m[1m^[22m[39m[31m[1m^[2
2m[39m[31m[1m^[22m[39m[3
1m[1m^[22m[39m[31m[1m^[2
2m[39m[31m[1m^[22m[39m[3
1m[1m^[22m[39m[31m[1m^[2
2m[39m[31m[1m^[22m[39m[3
1m[1m^[22m[39m[31m[1m^[2
2m[39m[31m[1m^[22m[39m[3
1m[1m^[22m[39m[31m[1m^[2
2m[39m[31m[1m^[22m[39m[3
1m[1m^[22m[39m[31m[1m^[2
2m[39m[31m[1m^[22m[39m[3
1m[1m^[22m[39m[31m[1m^[2
2m[39m[31m[1m^[22m[39m[3
1m[1m^[22m[39m[31m[1m^[2
2m[39m[31m[1m^[22m[39m[3
1m[1m^[22m[39m[31m[1m^[2
2m[39m[31m[1m^[22m[39m[3
1m[1m^[22m[39m[31m[1m^[2
2m[39m[31m[1m^[22m[39m[3
1m[1m^[22m[39m[31m[1m^[2
2m[39m[31m[1m^[22m[39m[3
1m[1m^[22m[39m[31m[1m^[2
2m[39m[31m[1m^[22m[39m[3
1m[1m^[22m[39m[31m[1m^[2
2m[39m[31m[1m^[22m[39m[3
1m[1m^[22m[39m[31m[1m^[2
2m[39m[31m[1m^[22m[39m[3
1m[1m^[22m[39m[31m[1m^[2
2m[39m[31m[1m^[22m[39m[3
1m[1m^[22m[39m[31m[1m^[2
2m[39m[31m[1m^[22m[39m[3
1m[1m^[22m[39m[31m[1m^[2
2m[39m[31m[1m^[22m[39m[3
1m[1m^[22m[39m[31m[1m^[2
2m[39m[31m[1m^[22m[39m[3
1m[1m^[22m[39m[31m[1m^[2
2m[39m[31m[1m^[22m[39m[3
1m[1m^[22m[39m[31m[1m^[2
2m[39m[31m[1m^[22m[39m[3
1m[1m^[22m[39m[31m[1m^[2
2m[39m[31m[1m^[22m[39m[3
1m[1m^[22m[39m[31m[1m^[2
2m[39m[31m[1m^[22m[39m[3
1m[1m^[22m[39m[31m[1m^[2
2m[39m[31m[1m^[22m[39m[3
1m[1m^[22m[39m
 [90m 29 |[39m 
[36mimport[39m { 
getCategories } 
[36mfrom[39m [32m"../../../
../actions/category-actions"[
39m[33m;[39m
 [90m 30 |[39m 
[36mimport[39m { useAuth } 
[36mfrom[39m [32m"../../../
../components/providers/auth-p
rovider"[39m[33m;[39m
 [90m 31 |[39m 
[36mimport[39m { cn } 
[36mfrom[39m [32m"../../../
../lib/utils"[39m[33m;[39m
[0m



Import traces:
  Client Component Browser:
    ./src/app/(dashboard)/tabl
as/page.tsx [Client Component 
Browser]
    ./src/app/(dashboard)/tabl
as/page.tsx [Server Component]

  Client Component SSR:
    ./src/app/(dashboard)/tabl
as/page.tsx [Client Component 
SSR]
    ./src/app/(dashboard)/tabl
as/page.tsx [Server Component]

https://nextjs.org/docs/messag
es/module-not-found


./src/app/(dashboard)/home/pag
e.tsx:4:1
Module not found: Can't 
resolve '../../../../component
s/cards/kpi-card'
[0m [90m 2 |[39m
 [90m 3 |[39m 
[36mimport[39m { 
useEffect[33m,[39m useState 
} [36mfrom[39m 
[32m"react"[39m[33m;[39m
[31m[1m>[22m[39m[90m 4 
|[39m [36mimport[39m { 
[33mKPICard[39m } 
[36mfrom[39m [32m"../../../
../components/cards/kpi-card"
[39m[33m;[39m
 [90m   |[39m [31m[1m^[22
m[39m[31m[1m^[22m[39m[31
m[1m^[22m[39m[31m[1m^[22
m[39m[31m[1m^[22m[39m[31
m[1m^[22m[39m[31m[1m^[22
m[39m[31m[1m^[22m[39m[31
m[1m^[22m[39m[31m[1m^[22
m[39m[31m[1m^[22m[39m[31
m[1m^[22m[39m[31m[1m^[22
m[39m[31m[1m^[22m[39m[31
m[1m^[22m[39m[31m[1m^[22
m[39m[31m[1m^[22m[39m[31
m[1m^[22m[39m[31m[1m^[22
m[39m[31m[1m^[22m[39m[31
m[1m^[22m[39m[31m[1m^[22
m[39m[31m[1m^[22m[39m[31
m[1m^[22m[39m[31m[1m^[22
m[39m[31m[1m^[22m[39m[31
m[1m^[22m[39m[31m[1m^[22
m[39m[31m[1m^[22m[39m[31
m[1m^[22m[39m[31m[1m^[22
m[39m[31m[1m^[22m[39m[31
m[1m^[22m[39m[31m[1m^[22
m[39m[31m[1m^[22m[39m[31
m[1m^[22m[39m[31m[1m^[22
m[39m[31m[1m^[22m[39m[31
m[1m^[22m[39m[31m[1m^[22
m[39m[31m[1m^[22m[39m[31
m[1m^[22m[39m[31m[1m^[22
m[39m[31m[1m^[22m[39m[31
m[1m^[22m[39m[31m[1m^[22
m[39m[31m[1m^[22m[39m[31
m[1m^[22m[39m[31m[1m^[22
m[39m[31m[1m^[22m[39m[31
m[1m^[22m[39m[31m[1m^[22
m[39m[31m[1m^[22m[39m[31
m[1m^[22m[39m[31m[1m^[22
m[39m[31m[1m^[22m[39m[31
m[1m^[22m[39m[31m[1m^[22
m[39m[31m[1m^[22m[39m[31
m[1m^[22m[39m[31m[1m^[22
m[39m[31m[1m^[22m[39m[31
m[1m^[22m[39m[31m[1m^[22
m[39m
 [90m 5 |[39m 
[36mimport[39m { 
[33mBarChartMonthly[39m } 
[36mfrom[39m [32m"../../../
../components/charts/bar-chart
-monthly"[39m[33m;[39m
 [90m 6 |[39m 
[36mimport[39m { 
[33mBarChartByCategory[39m 
} [36mfrom[39m [32m"../../.
./../components/charts/bar-cha
rt-by-category"[39m[33m;[39
m
 [90m 7 |[39m 
[36mimport[39m { 
createClient } [36mfrom[39m 
[32m"../../../../lib/supabase
/client"[39m[33m;[39m[0m



Import traces:
  Client Component Browser:
    ./src/app/(dashboard)/home
/page.tsx [Client Component 
Browser]
    ./src/app/(dashboard)/home
/page.tsx [Server Component]

  Client Component SSR:
    ./src/app/(dashboard)/home
/page.tsx [Client Component 
SSR]
    ./src/app/(dashboard)/home
/page.tsx [Server Component]

https://nextjs.org/docs/messag
es/module-not-found


./src/app/(dashboard)/home/pag
e.tsx:6:1
Module not found: Can't 
resolve '../../../../component
s/charts/bar-chart-by-category
'
[0m [90m 4 |[39m 
[36mimport[39m { 
[33mKPICard[39m } 
[36mfrom[39m [32m"../../../
../components/cards/kpi-card"
[39m[33m;[39m
 [90m 5 |[39m 
[36mimport[39m { 
[33mBarChartMonthly[39m } 
[36mfrom[39m [32m"../../../
../components/charts/bar-chart
-monthly"[39m[33m;[39m
[31m[1m>[22m[39m[90m 6 
|[39m [36mimport[39m { 
[33mBarChartByCategory[39m 
} [36mfrom[39m [32m"../../.
./../components/charts/bar-cha
rt-by-category"[39m[33m;[39
m
 [90m   |[39m [31m[1m^[22
m[39m[31m[1m^[22m[39m[31
m[1m^[22m[39m[31m[1m^[22
m[39m[31m[1m^[22m[39m[31
m[1m^[22m[39m[31m[1m^[22
m[39m[31m[1m^[22m[39m[31
m[1m^[22m[39m[31m[1m^[22
m[39m[31m[1m^[22m[39m[31
m[1m^[22m[39m[31m[1m^[22
m[39m[31m[1m^[22m[39m[31
m[1m^[22m[39m[31m[1m^[22
m[39m[31m[1m^[22m[39m[31
m[1m^[22m[39m[31m[1m^[22
m[39m[31m[1m^[22m[39m[31
m[1m^[22m[39m[31m[1m^[22
m[39m[31m[1m^[22m[39m[31
m[1m^[22m[39m[31m[1m^[22
m[39m[31m[1m^[22m[39m[31
m[1m^[22m[39m[31m[1m^[22
m[39m[31m[1m^[22m[39m[31
m[1m^[22m[39m[31m[1m^[22
m[39m[31m[1m^[22m[39m[31
m[1m^[22m[39m[31m[1m^[22
m[39m[31m[1m^[22m[39m[31
m[1m^[22m[39m[31m[1m^[22
m[39m[31m[1m^[22m[39m[31
m[1m^[22m[39m[31m[1m^[22
m[39m[31m[1m^[22m[39m[31
m[1m^[22m[39m[31m[1m^[22
m[39m[31m[1m^[22m[39m[31
m[1m^[22m[39m[31m[1m^[22
m[39m[31m[1m^[22m[39m[31
m[1m^[22m[39m[31m[1m^[22
m[39m[31m[1m^[22m[39m[31
m[1m^[22m[39m[31m[1m^[22
m[39m[31m[1m^[22m[39m[31
m[1m^[22m[39m[31m[1m^[22
m[39m[31m[1m^[22m[39m[31
m[1m^[22m[39m[31m[1m^[22
m[39m[31m[1m^[22m[39m[31
m[1m^[22m[39m[31m[1m^[22
m[39m[31m[1m^[22m[39m[31
m[1m^[22m[39m[31m[1m^[22
m[39m[31m[1m^[22m[39m[31
m[1m^[22m[39m[31m[1m^[22
m[39m[31m[1m^[22m[39m[31
m[1m^[22m[39m[31m[1m^[22
m[39m[31m[1m^[22m[39m[31
m[1m^[22m[39m[31m[1m^[22
m[39m[31m[1m^[22m[39m[31
m[1m^[22m[39m[31m[1m^[22
m[39m[31m[1m^[22m[39m[31
m[1m^[22m[39m[31m[1m^[22
m[39m[31m[1m^[22m[39m[31
m[1m^[22m[39m[31m[1m^[22
m[39m[31m[1m^[22m[39m[31
m[1m^[22m[39m[31m[1m^[22
m[39m[31m[1m^[22m[39m[31
m[1m^[22m[39m[31m[1m^[22
m[39m[31m[1m^[22m[39m
 [90m 7 |[39m 
[36mimport[39m { 
createClient } [36mfrom[39m 
[32m"../../../../lib/supabase
/client"[39m[33m;[39m
 [90m 8 |[39m 
[36mimport[39m { 
[33mMONTHS[39m[33m,[39m 
formatUSD[33m,[39m 
getYearRange } [36mfrom[39m 
[32m"../../../../lib/constant
s"[39m[33m;[39m
 [90m 9 |[39m 
[36mimport[39m {[0m



Import traces:
  Client Component Browser:
    ./src/app/(dashboard)/home
/page.tsx [Client Component 
Browser]
    ./src/app/(dashboard)/home
/page.tsx [Server Component]

  Client Component SSR:
    ./src/app/(dashboard)/home
/page.tsx [Client Component 
SSR]
    ./src/app/(dashboard)/home
/page.tsx [Server Component]

https://nextjs.org/docs/messag
es/module-not-found


./src/app/(dashboard)/home/pag
e.tsx:5:1
Module not found: Can't 
resolve '../../../../component
s/charts/bar-chart-monthly'
[0m [90m 3 |[39m 
[36mimport[39m { 
useEffect[33m,[39m useState 
} [36mfrom[39m 
[32m"react"[39m[33m;[39m
 [90m 4 |[39m 
[36mimport[39m { 
[33mKPICard[39m } 
[36mfrom[39m [32m"../../../
../components/cards/kpi-card"
[39m[33m;[39m
[31m[1m>[22m[39m[90m 5 
|[39m [36mimport[39m { 
[33mBarChartMonthly[39m } 
[36mfrom[39m [32m"../../../
../components/charts/bar-chart
-monthly"[39m[33m;[39m
 [90m   |[39m [31m[1m^[22
m[39m[31m[1m^[22m[39m[31
m[1m^[22m[39m[31m[1m^[22
m[39m[31m[1m^[22m[39m[31
m[1m^[22m[39m[31m[1m^[22
m[39m[31m[1m^[22m[39m[31
m[1m^[22m[39m[31m[1m^[22
m[39m[31m[1m^[22m[39m[31
m[1m^[22m[39m[31m[1m^[22
m[39m[31m[1m^[22m[39m[31
m[1m^[22m[39m[31m[1m^[22
m[39m[31m[1m^[22m[39m[31
m[1m^[22m[39m[31m[1m^[22
m[39m[31m[1m^[22m[39m[31
m[1m^[22m[39m[31m[1m^[22
m[39m[31m[1m^[22m[39m[31
m[1m^[22m[39m[31m[1m^[22
m[39m[31m[1m^[22m[39m[31
m[1m^[22m[39m[31m[1m^[22
m[39m[31m[1m^[22m[39m[31
m[1m^[22m[39m[31m[1m^[22
m[39m[31m[1m^[22m[39m[31
m[1m^[22m[39m[31m[1m^[22
m[39m[31m[1m^[22m[39m[31
m[1m^[22m[39m[31m[1m^[22
m[39m[31m[1m^[22m[39m[31
m[1m^[22m[39m[31m[1m^[22
m[39m[31m[1m^[22m[39m[31
m[1m^[22m[39m[31m[1m^[22
m[39m[31m[1m^[22m[39m[31
m[1m^[22m[39m[31m[1m^[22
m[39m[31m[1m^[22m[39m[31
m[1m^[22m[39m[31m[1m^[22
m[39m[31m[1m^[22m[39m[31
m[1m^[22m[39m[31m[1m^[22
m[39m[31m[1m^[22m[39m[31
m[1m^[22m[39m[31m[1m^[22
m[39m[31m[1m^[22m[39m[31
m[1m^[22m[39m[31m[1m^[22
m[39m[31m[1m^[22m[39m[31
m[1m^[22m[39m[31m[1m^[22
m[39m[31m[1m^[22m[39m[31
m[1m^[22m[39m[31m[1m^[22
m[39m[31m[1m^[22m[39m[31
m[1m^[22m[39m[31m[1m^[22
m[39m[31m[1m^[22m[39m[31
m[1m^[22m[39m[31m[1m^[22
m[39m[31m[1m^[22m[39m[31
m[1m^[22m[39m[31m[1m^[22
m[39m[31m[1m^[22m[39m[31
m[1m^[22m[39m[31m[1m^[22
m[39m[31m[1m^[22m[39m[31
m[1m^[22m[39m[31m[1m^[22
m[39m[31m[1m^[22m[39m[31
m[1m^[22m[39m[31m[1m^[22
m[39m
 [90m 6 |[39m 
[36mimport[39m { 
[33mBarChartByCategory[39m 
} [36mfrom[39m [32m"../../.
./../components/charts/bar-cha
rt-by-category"[39m[33m;[39
m
 [90m 7 |[39m 
[36mimport[39m { 
createClient } [36mfrom[39m 
[32m"../../../../lib/supabase
/client"[39m[33m;[39m
 [90m 8 |[39m 
[36mimport[39m { 
[33mMONTHS[39m[33m,[39m 
formatUSD[33m,[39m 
getYearRange } [36mfrom[39m 
[32m"../../../../lib/constant
s"[39m[33m;[39m[0m



Import traces:
  Client Component Browser:
    ./src/app/(dashboard)/home
/page.tsx [Client Component 
Browser]
    ./src/app/(dashboard)/home
/page.tsx [Server Component]

  Client Component SSR:
    ./src/app/(dashboard)/home
/page.tsx [Client Component 
SSR]
    ./src/app/(dashboard)/home
/page.tsx [Server Component]

https://nextjs.org/docs/messag
es/module-not-found


./src/app/(dashboard)/tablas/p
age.tsx:30:1
Module not found: Can't 
resolve '../../../../component
s/providers/auth-provider'
[0m [90m 28 |[39m 
[36mimport[39m { 
upsertSalesRecord[33m,[39m 
getSalesData } [36mfrom[39m 
[32m"../../../../actions/sale
s-actions"[39m[33m;[39m
 [90m 29 |[39m 
[36mimport[39m { 
getCategories } 
[36mfrom[39m [32m"../../../
../actions/category-actions"[
39m[33m;[39m
[31m[1m>[22m[39m[90m 30 
|[39m [36mimport[39m { 
useAuth } [36mfrom[39m [32m
"../../../../components/provid
ers/auth-provider"[39m[33m;
[39m
 [90m    |[39m [31m[1m^[2
2m[39m[31m[1m^[22m[39m[3
1m[1m^[22m[39m[31m[1m^[2
2m[39m[31m[1m^[22m[39m[3
1m[1m^[22m[39m[31m[1m^[2
2m[39m[31m[1m^[22m[39m[3
1m[1m^[22m[39m[31m[1m^[2
2m[39m[31m[1m^[22m[39m[3
1m[1m^[22m[39m[31m[1m^[2
2m[39m[31m[1m^[22m[39m[3
1m[1m^[22m[39m[31m[1m^[2
2m[39m[31m[1m^[22m[39m[3
1m[1m^[22m[39m[31m[1m^[2
2m[39m[31m[1m^[22m[39m[3
1m[1m^[22m[39m[31m[1m^[2
2m[39m[31m[1m^[22m[39m[3
1m[1m^[22m[39m[31m[1m^[2
2m[39m[31m[1m^[22m[39m[3
1m[1m^[22m[39m[31m[1m^[2
2m[39m[31m[1m^[22m[39m[3
1m[1m^[22m[39m[31m[1m^[2
2m[39m[31m[1m^[22m[39m[3
1m[1m^[22m[39m[31m[1m^[2
2m[39m[31m[1m^[22m[39m[3
1m[1m^[22m[39m[31m[1m^[2
2m[39m[31m[1m^[22m[39m[3
1m[1m^[22m[39m[31m[1m^[2
2m[39m[31m[1m^[22m[39m[3
1m[1m^[22m[39m[31m[1m^[2
2m[39m[31m[1m^[22m[39m[3
1m[1m^[22m[39m[31m[1m^[2
2m[39m[31m[1m^[22m[39m[3
1m[1m^[22m[39m[31m[1m^[2
2m[39m[31m[1m^[22m[39m[3
1m[1m^[22m[39m[31m[1m^[2
2m[39m[31m[1m^[22m[39m[3
1m[1m^[22m[39m[31m[1m^[2
2m[39m[31m[1m^[22m[39m[3
1m[1m^[22m[39m[31m[1m^[2
2m[39m[31m[1m^[22m[39m[3
1m[1m^[22m[39m[31m[1m^[2
2m[39m[31m[1m^[22m[39m[3
1m[1m^[22m[39m[31m[1m^[2
2m[39m[31m[1m^[22m[39m[3
1m[1m^[22m[39m[31m[1m^[2
2m[39m[31m[1m^[22m[39m[3
1m[1m^[22m[39m[31m[1m^[2
2m[39m[31m[1m^[22m[39m[3
1m[1m^[22m[39m[31m[1m^[2
2m[39m
 [90m 31 |[39m 
[36mimport[39m { cn } 
[36mfrom[39m [32m"../../../
../lib/utils"[39m[33m;[39m
 [90m 32 |[39m
 [90m 33 |[39m 
[36minterface[39m 
[33mPivotRow[39m {[0m



Import traces:
  Client Component Browser:
    ./src/app/(dashboard)/tabl
as/page.tsx [Client Component 
Browser]
    ./src/app/(dashboard)/tabl
as/page.tsx [Server Component]

  Client Component SSR:
    ./src/app/(dashboard)/tabl
as/page.tsx [Client Component 
SSR]
    ./src/app/(dashboard)/tabl
as/page.tsx [Server Component]

https://nextjs.org/docs/messag
es/module-not-found


./src/app/(dashboard)/tablas/p
age.tsx:24:1
Module not found: Can't 
resolve '../../../../component
s/ui/badge'
[0m [90m 22 |[39m   
[33mTableRow[39m[33m,[39m
 [90m 23 |[39m } 
[36mfrom[39m [32m"../../../
../components/ui/table"[39m[
33m;[39m
[31m[1m>[22m[39m[90m 24 
|[39m [36mimport[39m { 
[33mBadge[39m } 
[36mfrom[39m [32m"../../../
../components/ui/badge"[39m[
33m;[39m
 [90m    |[39m [31m[1m^[2
2m[39m[31m[1m^[22m[39m[3
1m[1m^[22m[39m[31m[1m^[2
2m[39m[31m[1m^[22m[39m[3
1m[1m^[22m[39m[31m[1m^[2
2m[39m[31m[1m^[22m[39m[3
1m[1m^[22m[39m[31m[1m^[2
2m[39m[31m[1m^[22m[39m[3
1m[1m^[22m[39m[31m[1m^[2
2m[39m[31m[1m^[22m[39m[3
1m[1m^[22m[39m[31m[1m^[2
2m[39m[31m[1m^[22m[39m[3
1m[1m^[22m[39m[31m[1m^[2
2m[39m[31m[1m^[22m[39m[3
1m[1m^[22m[39m[31m[1m^[2
2m[39m[31m[1m^[22m[39m[3
1m[1m^[22m[39m[31m[1m^[2
2m[39m[31m[1m^[22m[39m[3
1m[1m^[22m[39m[31m[1m^[2
2m[39m[31m[1m^[22m[39m[3
1m[1m^[22m[39m[31m[1m^[2
2m[39m[31m[1m^[22m[39m[3
1m[1m^[22m[39m[31m[1m^[2
2m[39m[31m[1m^[22m[39m[3
1m[1m^[22m[39m[31m[1m^[2
2m[39m[31m[1m^[22m[39m[3
1m[1m^[22m[39m[31m[1m^[2
2m[39m[31m[1m^[22m[39m[3
1m[1m^[22m[39m[31m[1m^[2
2m[39m[31m[1m^[22m[39m[3
1m[1m^[22m[39m[31m[1m^[2
2m[39m[31m[1m^[22m[39m[3
1m[1m^[22m[39m[31m[1m^[2
2m[39m[31m[1m^[22m[39m[3
1m[1m^[22m[39m[31m[1m^[2
2m[39m[31m[1m^[22m[39m[3
1m[1m^[22m[39m[31m[1m^[2
2m[39m[31m[1m^[22m[39m
 [90m 25 |[39m 
[36mimport[39m { 
[33mSkeleton[39m } 
[36mfrom[39m [32m"../../../
../components/ui/skeleton"[39
m[33m;[39m
 [90m 26 |[39m 
[36mimport[39m { 
[33mEdit2[39m[33m,[39m 
[33mSave[39m[33m,[39m 
[33mX[39m[33m,[39m 
[33mDownload[39m } 
[36mfrom[39m [32m"lucide-re
act"[39m[33m;[39m
 [90m 27 |[39m 
[36mimport[39m { toast } 
[36mfrom[39m [32m"sonner"[
39m[33m;[39m[0m



Import traces:
  Client Component Browser:
    ./src/app/(dashboard)/tabl
as/page.tsx [Client Component 
Browser]
    ./src/app/(dashboard)/tabl
as/page.tsx [Server Component]

  Client Component SSR:
    ./src/app/(dashboard)/tabl
as/page.tsx [Client Component 
SSR]
    ./src/app/(dashboard)/tabl
as/page.tsx [Server Component]

https://nextjs.org/docs/messag
es/module-not-found


./src/app/(dashboard)/tablas/p
age.tsx:8:1
Module not found: Can't 
resolve '../../../../component
s/ui/button'
[0m [90m  6 |[39m 
[36mimport[39m { 
[33mMONTHS[39m[33m,[39m [
33mRECORD_TYPES[39m[33m,[39
m formatUSD[33m,[39m 
getYearRange } [36mfrom[39m 
[32m"../../../../lib/constant
s"[39m[33m;[39m
 [90m  7 |[39m 
[36mimport[39m type { [33mS
alesRecord[39m[33m,[39m 
[33mCategory[39m[33m,[39m 
[33mRecordType[39m } 
[36mfrom[39m [32m"../../../
../types/database"[39m[33m;
[39m
[31m[1m>[22m[39m[90m  8 
|[39m [36mimport[39m { 
[33mButton[39m } 
[36mfrom[39m [32m"../../../
../components/ui/button"[39m
[33m;[39m
 [90m    |[39m [31m[1m^[2
2m[39m[31m[1m^[22m[39m[3
1m[1m^[22m[39m[31m[1m^[2
2m[39m[31m[1m^[22m[39m[3
1m[1m^[22m[39m[31m[1m^[2
2m[39m[31m[1m^[22m[39m[3
1m[1m^[22m[39m[31m[1m^[2
2m[39m[31m[1m^[22m[39m[3
1m[1m^[22m[39m[31m[1m^[2
2m[39m[31m[1m^[22m[39m[3
1m[1m^[22m[39m[31m[1m^[2
2m[39m[31m[1m^[22m[39m[3
1m[1m^[22m[39m[31m[1m^[2
2m[39m[31m[1m^[22m[39m[3
1m[1m^[22m[39m[31m[1m^[2
2m[39m[31m[1m^[22m[39m[3
1m[1m^[22m[39m[31m[1m^[2
2m[39m[31m[1m^[22m[39m[3
1m[1m^[22m[39m[31m[1m^[2
2m[39m[31m[1m^[22m[39m[3
1m[1m^[22m[39m[31m[1m^[2
2m[39m[31m[1m^[22m[39m[3
1m[1m^[22m[39m[31m[1m^[2
2m[39m[31m[1m^[22m[39m[3
1m[1m^[22m[39m[31m[1m^[2
2m[39m[31m[1m^[22m[39m[3
1m[1m^[22m[39m[31m[1m^[2
2m[39m[31m[1m^[22m[39m[3
1m[1m^[22m[39m[31m[1m^[2
2m[39m[31m[1m^[22m[39m[3
1m[1m^[22m[39m[31m[1m^[2
2m[39m[31m[1m^[22m[39m[3
1m[1m^[22m[39m[31m[1m^[2
2m[39m[31m[1m^[22m[39m[3
1m[1m^[22m[39m[31m[1m^[2
2m[39m[31m[1m^[22m[39m[3
1m[1m^[22m[39m[31m[1m^[2
2m[39m[31m[1m^[22m[39m[3
1m[1m^[22m[39m[31m[1m^[2
2m[39m
 [90m  9 |[39m 
[36mimport[39m {
 [90m 10 |[39m   
[33mSelect[39m[33m,[39m
 [90m 11 |[39m   [33mSelect
Content[39m[33m,[39m[0m



Import traces:
  Client Component Browser:
    ./src/app/(dashboard)/tabl
as/page.tsx [Client Component 
Browser]
    ./src/app/(dashboard)/tabl
as/page.tsx [Server Component]

  Client Component SSR:
    ./src/app/(dashboard)/tabl
as/page.tsx [Client Component 
SSR]
    ./src/app/(dashboard)/tabl
as/page.tsx [Server Component]

https://nextjs.org/docs/messag
es/module-not-found


./src/app/(dashboard)/home/pag
e.tsx:9:1
Module not found: Can't 
resolve '../../../../component
s/ui/select'
[0m [90m  7 |[39m 
[36mimport[39m { 
createClient } [36mfrom[39m 
[32m"../../../../lib/supabase
/client"[39m[33m;[39m
 [90m  8 |[39m 
[36mimport[39m { 
[33mMONTHS[39m[33m,[39m 
formatUSD[33m,[39m 
getYearRange } [36mfrom[39m 
[32m"../../../../lib/constant
s"[39m[33m;[39m
[31m[1m>[22m[39m[90m  9 
|[39m [36mimport[39m {
 [90m    |[39m [31m[1m^[2
2m[39m[31m[1m^[22m[39m[3
1m[1m^[22m[39m[31m[1m^[2
2m[39m[31m[1m^[22m[39m[3
1m[1m^[22m[39m[31m[1m^[2
2m[39m[31m[1m^[22m[39m
[31m[1m>[22m[39m[90m 10 
|[39m   
[33mSelect[39m[33m,[39m
 [90m    |[39m [31m[1m^[2
2m[39m[31m[1m^[22m[39m[3
1m[1m^[22m[39m[31m[1m^[2
2m[39m[31m[1m^[22m[39m[3
1m[1m^[22m[39m[31m[1m^[2
2m[39m[31m[1m^[22m[39m[3
1m[1m^[22m[39m
[31m[1m>[22m[39m[90m 11 
|[39m   [33mSelectContent[3
9m[33m,[39m
 [90m    |[39m [31m[1m^[2
2m[39m[31m[1m^[22m[39m[3
1m[1m^[22m[39m[31m[1m^[2
2m[39m[31m[1m^[22m[39m[3
1m[1m^[22m[39m[31m[1m^[2
2m[39m[31m[1m^[22m[39m[3
1m[1m^[22m[39m
[31m[1m>[22m[39m[90m 12 
|[39m   [33mSelectItem[39m
[33m,[39m
 [90m    |[39m [31m[1m^[2
2m[39m[31m[1m^[22m[39m[3
1m[1m^[22m[39m[31m[1m^[2
2m[39m[31m[1m^[22m[39m[3
1m[1m^[22m[39m[31m[1m^[2
2m[39m[31m[1m^[22m[39m[3
1m[1m^[22m[39m
[31m[1m>[22m[39m[90m 13 
|[39m   [33mSelectTrigger[3
9m[33m,[39m
 [90m    |[39m [31m[1m^[2
2m[39m[31m[1m^[22m[39m[3
1m[1m^[22m[39m[31m[1m^[2
2m[39m[31m[1m^[22m[39m[3
1m[1m^[22m[39m[31m[1m^[2
2m[39m[31m[1m^[22m[39m[3
1m[1m^[22m[39m
[31m[1m>[22m[39m[90m 14 
|[39m   [33mSelectValue[39m
[33m,[39m
 [90m    |[39m [31m[1m^[2
2m[39m[31m[1m^[22m[39m[3
1m[1m^[22m[39m[31m[1m^[2
2m[39m[31m[1m^[22m[39m[3
1m[1m^[22m[39m[31m[1m^[2
2m[39m[31m[1m^[22m[39m[3
1m[1m^[22m[39m
[31m[1m>[22m[39m[90m 15 
|[39m } [36mfrom[39m [32m"
../../../../components/ui/sele
ct"[39m[33m;[39m
 [90m    |[39m [31m[1m^[2
2m[39m[31m[1m^[22m[39m[3
1m[1m^[22m[39m[31m[1m^[2
2m[39m[31m[1m^[22m[39m[3
1m[1m^[22m[39m[31m[1m^[2
2m[39m[31m[1m^[22m[39m[3
1m[1m^[22m[39m[31m[1m^[2
2m[39m[31m[1m^[22m[39m[3
1m[1m^[22m[39m[31m[1m^[2
2m[39m[31m[1m^[22m[39m[3
1m[1m^[22m[39m[31m[1m^[2
2m[39m[31m[1m^[22m[39m[3
1m[1m^[22m[39m[31m[1m^[2
2m[39m[31m[1m^[22m[39m[3
1m[1m^[22m[39m[31m[1m^[2
2m[39m[31m[1m^[22m[39m[3
1m[1m^[22m[39m[31m[1m^[2
2m[39m[31m[1m^[22m[39m[3
1m[1m^[22m[39m[31m[1m^[2
2m[39m[31m[1m^[22m[39m[3
1m[1m^[22m[39m[31m[1m^[2
2m[39m[31m[1m^[22m[39m[3
1m[1m^[22m[39m[31m[1m^[2
2m[39m[31m[1m^[22m[39m[3
1m[1m^[22m[39m[31m[1m^[2
2m[39m[31m[1m^[22m[39m[3
1m[1m^[22m[39m[31m[1m^[2
2m[39m[31m[1m^[22m[39m[3
1m[1m^[22m[39m[31m[1m^[2
2m[39m
 [90m 16 |[39m 
[36mimport[39m { [33mDollar
Sign[39m[33m,[39m 
[33mFileText[39m[33m,[39m 
[33mShoppingCart[39m[33m,[
39m [33mTrendingUp[39m } 
[36mfrom[39m [32m"lucide-re
act"[39m[33m;[39m
 [90m 17 |[39m 
[36mimport[39m { 
[33mSkeleton[39m } 
[36mfrom[39m [32m"../../../
../components/ui/skeleton"[39
m[33m;[39m
 [90m 18 |[39m[0m



Import traces:
  Client Component Browser:
    ./src/app/(dashboard)/home
/page.tsx [Client Component 
Browser]
    ./src/app/(dashboard)/home
/page.tsx [Server Component]

  Client Component SSR:
    ./src/app/(dashboard)/home
/page.tsx [Client Component 
SSR]
    ./src/app/(dashboard)/home
/page.tsx [Server Component]

https://nextjs.org/docs/messag
es/module-not-found


./src/app/(dashboard)/tablas/p
age.tsx:9:1
Module not found: Can't 
resolve '../../../../component
s/ui/select'
[0m [90m  7 |[39m 
[36mimport[39m type { [33mS
alesRecord[39m[33m,[39m 
[33mCategory[39m[33m,[39m 
[33mRecordType[39m } 
[36mfrom[39m [32m"../../../
../types/database"[39m[33m;
[39m
 [90m  8 |[39m 
[36mimport[39m { 
[33mButton[39m } 
[36mfrom[39m [32m"../../../
../components/ui/button"[39m
[33m;[39m
[31m[1m>[22m[39m[90m  9 
|[39m [36mimport[39m {
 [90m    |[39m [31m[1m^[2
2m[39m[31m[1m^[22m[39m[3
1m[1m^[22m[39m[31m[1m^[2
2m[39m[31m[1m^[22m[39m[3
1m[1m^[22m[39m[31m[1m^[2
2m[39m[31m[1m^[22m[39m
[31m[1m>[22m[39m[90m 10 
|[39m   
[33mSelect[39m[33m,[39m
 [90m    |[39m [31m[1m^[2
2m[39m[31m[1m^[22m[39m[3
1m[1m^[22m[39m[31m[1m^[2
2m[39m[31m[1m^[22m[39m[3
1m[1m^[22m[39m[31m[1m^[2
2m[39m[31m[1m^[22m[39m[3
1m[1m^[22m[39m
[31m[1m>[22m[39m[90m 11 
|[39m   [33mSelectContent[3
9m[33m,[39m
 [90m    |[39m [31m[1m^[2
2m[39m[31m[1m^[22m[39m[3
1m[1m^[22m[39m[31m[1m^[2
2m[39m[31m[1m^[22m[39m[3
1m[1m^[22m[39m[31m[1m^[2
2m[39m[31m[1m^[22m[39m[3
1m[1m^[22m[39m
[31m[1m>[22m[39m[90m 12 
|[39m   [33mSelectItem[39m
[33m,[39m
 [90m    |[39m [31m[1m^[2
2m[39m[31m[1m^[22m[39m[3
1m[1m^[22m[39m[31m[1m^[2
2m[39m[31m[1m^[22m[39m[3
1m[1m^[22m[39m[31m[1m^[2
2m[39m[31m[1m^[22m[39m[3
1m[1m^[22m[39m
[31m[1m>[22m[39m[90m 13 
|[39m   [33mSelectTrigger[3
9m[33m,[39m
 [90m    |[39m [31m[1m^[2
2m[39m[31m[1m^[22m[39m[3
1m[1m^[22m[39m[31m[1m^[2
2m[39m[31m[1m^[22m[39m[3
1m[1m^[22m[39m[31m[1m^[2
2m[39m[31m[1m^[22m[39m[3
1m[1m^[22m[39m
[31m[1m>[22m[39m[90m 14 
|[39m   [33mSelectValue[39m
[33m,[39m
 [90m    |[39m [31m[1m^[2
2m[39m[31m[1m^[22m[39m[3
1m[1m^[22m[39m[31m[1m^[2
2m[39m[31m[1m^[22m[39m[3
1m[1m^[22m[39m[31m[1m^[2
2m[39m[31m[1m^[22m[39m[3
1m[1m^[22m[39m
[31m[1m>[22m[39m[90m 15 
|[39m } [36mfrom[39m [32m"
../../../../components/ui/sele
ct"[39m[33m;[39m
 [90m    |[39m [31m[1m^[2
2m[39m[31m[1m^[22m[39m[3
1m[1m^[22m[39m[31m[1m^[2
2m[39m[31m[1m^[22m[39m[3
1m[1m^[22m[39m[31m[1m^[2
2m[39m[31m[1m^[22m[39m[3
1m[1m^[22m[39m[31m[1m^[2
2m[39m[31m[1m^[22m[39m[3
1m[1m^[22m[39m[31m[1m^[2
2m[39m[31m[1m^[22m[39m[3
1m[1m^[22m[39m[31m[1m^[2
2m[39m[31m[1m^[22m[39m[3
1m[1m^[22m[39m[31m[1m^[2
2m[39m[31m[1m^[22m[39m[3
1m[1m^[22m[39m[31m[1m^[2
2m[39m[31m[1m^[22m[39m[3
1m[1m^[22m[39m[31m[1m^[2
2m[39m[31m[1m^[22m[39m[3
1m[1m^[22m[39m[31m[1m^[2
2m[39m[31m[1m^[22m[39m[3
1m[1m^[22m[39m[31m[1m^[2
2m[39m[31m[1m^[22m[39m[3
1m[1m^[22m[39m[31m[1m^[2
2m[39m[31m[1m^[22m[39m[3
1m[1m^[22m[39m[31m[1m^[2
2m[39m[31m[1m^[22m[39m[3
1m[1m^[22m[39m[31m[1m^[2
2m[39m[31m[1m^[22m[39m[3
1m[1m^[22m[39m[31m[1m^[2
2m[39m
 [90m 16 |[39m 
[36mimport[39m {
 [90m 17 |[39m   
[33mTable[39m[33m,[39m
 [90m 18 |[39m   [33mTableB
ody[39m[33m,[39m[0m



Import traces:
  Client Component Browser:
    ./src/app/(dashboard)/tabl
as/page.tsx [Client Component 
Browser]
    ./src/app/(dashboard)/tabl
as/page.tsx [Server Component]

  Client Component SSR:
    ./src/app/(dashboard)/tabl
as/page.tsx [Client Component 
SSR]
    ./src/app/(dashboard)/tabl
as/page.tsx [Server Component]

https://nextjs.org/docs/messag
es/module-not-found


./src/app/(dashboard)/home/pag
e.tsx:17:1
Module not found: Can't 
resolve '../../../../component
s/ui/skeleton'
[0m [90m 15 |[39m } 
[36mfrom[39m [32m"../../../
../components/ui/select"[39m
[33m;[39m
 [90m 16 |[39m 
[36mimport[39m { [33mDollar
Sign[39m[33m,[39m 
[33mFileText[39m[33m,[39m 
[33mShoppingCart[39m[33m,[
39m [33mTrendingUp[39m } 
[36mfrom[39m [32m"lucide-re
act"[39m[33m;[39m
[31m[1m>[22m[39m[90m 17 
|[39m [36mimport[39m { 
[33mSkeleton[39m } 
[36mfrom[39m [32m"../../../
../components/ui/skeleton"[39
m[33m;[39m
 [90m    |[39m [31m[1m^[2
2m[39m[31m[1m^[22m[39m[3
1m[1m^[22m[39m[31m[1m^[2
2m[39m[31m[1m^[22m[39m[3
1m[1m^[22m[39m[31m[1m^[2
2m[39m[31m[1m^[22m[39m[3
1m[1m^[22m[39m[31m[1m^[2
2m[39m[31m[1m^[22m[39m[3
1m[1m^[22m[39m[31m[1m^[2
2m[39m[31m[1m^[22m[39m[3
1m[1m^[22m[39m[31m[1m^[2
2m[39m[31m[1m^[22m[39m[3
1m[1m^[22m[39m[31m[1m^[2
2m[39m[31m[1m^[22m[39m[3
1m[1m^[22m[39m[31m[1m^[2
2m[39m[31m[1m^[22m[39m[3
1m[1m^[22m[39m[31m[1m^[2
2m[39m[31m[1m^[22m[39m[3
1m[1m^[22m[39m[31m[1m^[2
2m[39m[31m[1m^[22m[39m[3
1m[1m^[22m[39m[31m[1m^[2
2m[39m[31m[1m^[22m[39m[3
1m[1m^[22m[39m[31m[1m^[2
2m[39m[31m[1m^[22m[39m[3
1m[1m^[22m[39m[31m[1m^[2
2m[39m[31m[1m^[22m[39m[3
1m[1m^[22m[39m[31m[1m^[2
2m[39m[31m[1m^[22m[39m[3
1m[1m^[22m[39m[31m[1m^[2
2m[39m[31m[1m^[22m[39m[3
1m[1m^[22m[39m[31m[1m^[2
2m[39m[31m[1m^[22m[39m[3
1m[1m^[22m[39m[31m[1m^[2
2m[39m[31m[1m^[22m[39m[3
1m[1m^[22m[39m[31m[1m^[2
2m[39m[31m[1m^[22m[39m[3
1m[1m^[22m[39m[31m[1m^[2
2m[39m[31m[1m^[22m[39m[3
1m[1m^[22m[39m[31m[1m^[2
2m[39m[31m[1m^[22m[39m[3
1m[1m^[22m[39m[31m[1m^[2
2m[39m[31m[1m^[22m[39m
 [90m 18 |[39m
 [90m 19 |[39m 
[36mexport[39m 
[36mdefault[39m 
[36mfunction[39m 
[33mHomePage[39m() {
 [90m 20 |[39m   
[36mconst[39m 
[year[33m,[39m setYear] 
[33m=[39m 
useState([36mnew[39m [33mDa
te[39m()[33m.[39mgetFullYea
r())[33m;[39m[0m



Import traces:
  Client Component Browser:
    ./src/app/(dashboard)/home
/page.tsx [Client Component 
Browser]
    ./src/app/(dashboard)/home
/page.tsx [Server Component]

  Client Component SSR:
    ./src/app/(dashboard)/home
/page.tsx [Client Component 
SSR]
    ./src/app/(dashboard)/home
/page.tsx [Server Component]

https://nextjs.org/docs/messag
es/module-not-found


./src/app/(dashboard)/tablas/p
age.tsx:25:1
Module not found: Can't 
resolve '../../../../component
s/ui/skeleton'
[0m [90m 23 |[39m } 
[36mfrom[39m [32m"../../../
../components/ui/table"[39m[
33m;[39m
 [90m 24 |[39m 
[36mimport[39m { 
[33mBadge[39m } 
[36mfrom[39m [32m"../../../
../components/ui/badge"[39m[
33m;[39m
[31m[1m>[22m[39m[90m 25 
|[39m [36mimport[39m { 
[33mSkeleton[39m } 
[36mfrom[39m [32m"../../../
../components/ui/skeleton"[39
m[33m;[39m
 [90m    |[39m [31m[1m^[2
2m[39m[31m[1m^[22m[39m[3
1m[1m^[22m[39m[31m[1m^[2
2m[39m[31m[1m^[22m[39m[3
1m[1m^[22m[39m[31m[1m^[2
2m[39m[31m[1m^[22m[39m[3
1m[1m^[22m[39m[31m[1m^[2
2m[39m[31m[1m^[22m[39m[3
1m[1m^[22m[39m[31m[1m^[2
2m[39m[31m[1m^[22m[39m[3
1m[1m^[22m[39m[31m[1m^[2
2m[39m[31m[1m^[22m[39m[3
1m[1m^[22m[39m[31m[1m^[2
2m[39m[31m[1m^[22m[39m[3
1m[1m^[22m[39m[31m[1m^[2
2m[39m[31m[1m^[22m[39m[3
1m[1m^[22m[39m[31m[1m^[2
2m[39m[31m[1m^[22m[39m[3
1m[1m^[22m[39m[31m[1m^[2
2m[39m[31m[1m^[22m[39m[3
1m[1m^[22m[39m[31m[1m^[2
2m[39m[31m[1m^[22m[39m[3
1m[1m^[22m[39m[31m[1m^[2
2m[39m[31m[1m^[22m[39m[3
1m[1m^[22m[39m[31m[1m^[2
2m[39m[31m[1m^[22m[39m[3
1m[1m^[22m[39m[31m[1m^[2
2m[39m[31m[1m^[22m[39m[3
1m[1m^[22m[39m[31m[1m^[2
2m[39m[31m[1m^[22m[39m[3
1m[1m^[22m[39m[31m[1m^[2
2m[39m[31m[1m^[22m[39m[3
1m[1m^[22m[39m[31m[1m^[2
2m[39m[31m[1m^[22m[39m[3
1m[1m^[22m[39m[31m[1m^[2
2m[39m[31m[1m^[22m[39m[3
1m[1m^[22m[39m[31m[1m^[2
2m[39m[31m[1m^[22m[39m[3
1m[1m^[22m[39m[31m[1m^[2
2m[39m[31m[1m^[22m[39m[3
1m[1m^[22m[39m[31m[1m^[2
2m[39m[31m[1m^[22m[39m
 [90m 26 |[39m 
[36mimport[39m { 
[33mEdit2[39m[33m,[39m 
[33mSave[39m[33m,[39m 
[33mX[39m[33m,[39m 
[33mDownload[39m } 
[36mfrom[39m [32m"lucide-re
act"[39m[33m;[39m
 [90m 27 |[39m 
[36mimport[39m { toast } 
[36mfrom[39m 
[32m"sonner"[39m[33m;[39m
 [90m 28 |[39m 
[36mimport[39m { 
upsertSalesRecord[33m,[39m 
getSalesData } [36mfrom[39m 
[32m"../../../../actions/sale
s-actions"[39m[33m;[39m[0m



Import traces:
  Client Component Browser:
    ./src/app/(dashboard)/tabl
as/page.tsx [Client Component 
Browser]
    ./src/app/(dashboard)/tabl
as/page.tsx [Server Component]

  Client Component SSR:
    ./src/app/(dashboard)/tabl
as/page.tsx [Client Component 
SSR]
    ./src/app/(dashboard)/tabl
as/page.tsx [Server Component]

https://nextjs.org/docs/messag
es/module-not-found


./src/app/(dashboard)/tablas/p
age.tsx:16:1
Module not found: Can't 
resolve '../../../../component
s/ui/table'
[0m [90m 14 |[39m   [33mSe
lectValue[39m[33m,[39m
 [90m 15 |[39m } 
[36mfrom[39m [32m"../../../
../components/ui/select"[39m
[33m;[39m
[31m[1m>[22m[39m[90m 16 
|[39m [36mimport[39m {
 [90m    |[39m [31m[1m^[2
2m[39m[31m[1m^[22m[39m[3
1m[1m^[22m[39m[31m[1m^[2
2m[39m[31m[1m^[22m[39m[3
1m[1m^[22m[39m[31m[1m^[2
2m[39m[31m[1m^[22m[39m
[31m[1m>[22m[39m[90m 17 
|[39m   
[33mTable[39m[33m,[39m
 [90m    |[39m [31m[1m^[2
2m[39m[31m[1m^[22m[39m[3
1m[1m^[22m[39m[31m[1m^[2
2m[39m[31m[1m^[22m[39m[3
1m[1m^[22m[39m[31m[1m^[2
2m[39m[31m[1m^[22m[39m
[31m[1m>[22m[39m[90m 18 
|[39m   
[33mTableBody[39m[33m,[39m
 [90m    |[39m [31m[1m^[2
2m[39m[31m[1m^[22m[39m[3
1m[1m^[22m[39m[31m[1m^[2
2m[39m[31m[1m^[22m[39m[3
1m[1m^[22m[39m[31m[1m^[2
2m[39m[31m[1m^[22m[39m
[31m[1m>[22m[39m[90m 19 
|[39m   
[33mTableCell[39m[33m,[39m
 [90m    |[39m [31m[1m^[2
2m[39m[31m[1m^[22m[39m[3
1m[1m^[22m[39m[31m[1m^[2
2m[39m[31m[1m^[22m[39m[3
1m[1m^[22m[39m[31m[1m^[2
2m[39m[31m[1m^[22m[39m
[31m[1m>[22m[39m[90m 20 
|[39m   
[33mTableHead[39m[33m,[39m
 [90m    |[39m [31m[1m^[2
2m[39m[31m[1m^[22m[39m[3
1m[1m^[22m[39m[31m[1m^[2
2m[39m[31m[1m^[22m[39m[3
1m[1m^[22m[39m[31m[1m^[2
2m[39m[31m[1m^[22m[39m
[31m[1m>[22m[39m[90m 21 
|[39m   [33mTableHeader[39m
[33m,[39m
 [90m    |[39m [31m[1m^[2
2m[39m[31m[1m^[22m[39m[3
1m[1m^[22m[39m[31m[1m^[2
2m[39m[31m[1m^[22m[39m[3
1m[1m^[22m[39m[31m[1m^[2
2m[39m[31m[1m^[22m[39m
[31m[1m>[22m[39m[90m 22 
|[39m   
[33mTableRow[39m[33m,[39m
 [90m    |[39m [31m[1m^[2
2m[39m[31m[1m^[22m[39m[3
1m[1m^[22m[39m[31m[1m^[2
2m[39m[31m[1m^[22m[39m[3
1m[1m^[22m[39m[31m[1m^[2
2m[39m[31m[1m^[22m[39m
[31m[1m>[22m[39m[90m 23 
|[39m } [36mfrom[39m [32m"
../../../../components/ui/tabl
e"[39m[33m;[39m
 [90m    |[39m [31m[1m^[2
2m[39m[31m[1m^[22m[39m[3
1m[1m^[22m[39m[31m[1m^[2
2m[39m[31m[1m^[22m[39m[3
1m[1m^[22m[39m[31m[1m^[2
2m[39m[31m[1m^[22m[39m[3
1m[1m^[22m[39m[31m[1m^[2
2m[39m[31m[1m^[22m[39m[3
1m[1m^[22m[39m[31m[1m^[2
2m[39m[31m[1m^[22m[39m[3
1m[1m^[22m[39m[31m[1m^[2
2m[39m[31m[1m^[22m[39m[3
1m[1m^[22m[39m[31m[1m^[2
2m[39m[31m[1m^[22m[39m[3
1m[1m^[22m[39m[31m[1m^[2
2m[39m[31m[1m^[22m[39m[3
1m[1m^[22m[39m[31m[1m^[2
2m[39m[31m[1m^[22m[39m[3
1m[1m^[22m[39m[31m[1m^[2
2m[39m[31m[1m^[22m[39m[3
1m[1m^[22m[39m[31m[1m^[2
2m[39m[31m[1m^[22m[39m[3
1m[1m^[22m[39m[31m[1m^[2
2m[39m[31m[1m^[22m[39m[3
1m[1m^[22m[39m[31m[1m^[2
2m[39m[31m[1m^[22m[39m[3
1m[1m^[22m[39m[31m[1m^[2
2m[39m[31m[1m^[22m[39m[3
1m[1m^[22m[39m
 [90m 24 |[39m 
[36mimport[39m { 
[33mBadge[39m } 
[36mfrom[39m [32m"../../../
../components/ui/badge"[39m[
33m;[39m
 [90m 25 |[39m 
[36mimport[39m { 
[33mSkeleton[39m } 
[36mfrom[39m [32m"../../../
../components/ui/skeleton"[39
m[33m;[39m
 [90m 26 |[39m 
[36mimport[39m { 
[33mEdit2[39m[33m,[39m 
[33mSave[39m[33m,[39m 
[33mX[39m[33m,[39m 
[33mDownload[39m } 
[36mfrom[39m [32m"lucide-re
act"[39m[33m;[39m[0m



Import traces:
  Client Component Browser:
    ./src/app/(dashboard)/tabl
as/page.tsx [Client Component 
Browser]
    ./src/app/(dashboard)/tabl
as/page.tsx [Server Component]

  Client Component SSR:
    ./src/app/(dashboard)/tabl
as/page.tsx [Client Component 
SSR]
    ./src/app/(dashboard)/tabl
as/page.tsx [Server Component]

https://nextjs.org/docs/messag
es/module-not-found


./src/app/(dashboard)/home/pag
e.tsx:8:1
Module not found: Can't 
resolve 
'../../../../lib/constants'
[0m [90m  6 |[39m 
[36mimport[39m { 
[33mBarChartByCategory[39m 
} [36mfrom[39m [32m"../../.
./../components/charts/bar-cha
rt-by-category"[39m[33m;[39
m
 [90m  7 |[39m 
[36mimport[39m { 
createClient } [36mfrom[39m 
[32m"../../../../lib/supabase
/client"[39m[33m;[39m
[31m[1m>[22m[39m[90m  8 
|[39m [36mimport[39m { 
[33mMONTHS[39m[33m,[39m 
formatUSD[33m,[39m 
getYearRange } [36mfrom[39m 
[32m"../../../../lib/constant
s"[39m[33m;[39m
 [90m    |[39m [31m[1m^[2
2m[39m[31m[1m^[22m[39m[3
1m[1m^[22m[39m[31m[1m^[2
2m[39m[31m[1m^[22m[39m[3
1m[1m^[22m[39m[31m[1m^[2
2m[39m[31m[1m^[22m[39m[3
1m[1m^[22m[39m[31m[1m^[2
2m[39m[31m[1m^[22m[39m[3
1m[1m^[22m[39m[31m[1m^[2
2m[39m[31m[1m^[22m[39m[3
1m[1m^[22m[39m[31m[1m^[2
2m[39m[31m[1m^[22m[39m[3
1m[1m^[22m[39m[31m[1m^[2
2m[39m[31m[1m^[22m[39m[3
1m[1m^[22m[39m[31m[1m^[2
2m[39m[31m[1m^[22m[39m[3
1m[1m^[22m[39m[31m[1m^[2
2m[39m[31m[1m^[22m[39m[3
1m[1m^[22m[39m[31m[1m^[2
2m[39m[31m[1m^[22m[39m[3
1m[1m^[22m[39m[31m[1m^[2
2m[39m[31m[1m^[22m[39m[3
1m[1m^[22m[39m[31m[1m^[2
2m[39m[31m[1m^[22m[39m[3
1m[1m^[22m[39m[31m[1m^[2
2m[39m[31m[1m^[22m[39m[3
1m[1m^[22m[39m[31m[1m^[2
2m[39m[31m[1m^[22m[39m[3
1m[1m^[22m[39m[31m[1m^[2
2m[39m[31m[1m^[22m[39m[3
1m[1m^[22m[39m[31m[1m^[2
2m[39m[31m[1m^[22m[39m[3
1m[1m^[22m[39m[31m[1m^[2
2m[39m[31m[1m^[22m[39m[3
1m[1m^[22m[39m[31m[1m^[2
2m[39m[31m[1m^[22m[39m[3
1m[1m^[22m[39m[31m[1m^[2
2m[39m[31m[1m^[22m[39m[3
1m[1m^[22m[39m[31m[1m^[2
2m[39m[31m[1m^[22m[39m[3
1m[1m^[22m[39m[31m[1m^[2
2m[39m[31m[1m^[22m[39m[3
1m[1m^[22m[39m[31m[1m^[2
2m[39m[31m[1m^[22m[39m[3
1m[1m^[22m[39m[31m[1m^[2
2m[39m[31m[1m^[22m[39m[3
1m[1m^[22m[39m[31m[1m^[2
2m[39m[31m[1m^[22m[39m[3
1m[1m^[22m[39m[31m[1m^[2
2m[39m[31m[1m^[22m[39m[3
1m[1m^[22m[39m[31m[1m^[2
2m[39m
 [90m  9 |[39m 
[36mimport[39m {
 [90m 10 |[39m   
[33mSelect[39m[33m,[39m
 [90m 11 |[39m   [33mSelect
Content[39m[33m,[39m[0m



Import traces:
  Client Component Browser:
    ./src/app/(dashboard)/home
/page.tsx [Client Component 
Browser]
    ./src/app/(dashboard)/home
/page.tsx [Server Component]

  Client Component SSR:
    ./src/app/(dashboard)/home
/page.tsx [Client Component 
SSR]
    ./src/app/(dashboard)/home
/page.tsx [Server Component]

https://nextjs.org/docs/messag
es/module-not-found


./src/app/(dashboard)/tablas/p
age.tsx:6:1
Module not found: Can't 
resolve 
'../../../../lib/constants'
[0m [90m 4 |[39m 
[36mimport[39m { useRouter 
} [36mfrom[39m [32m"next/na
vigation"[39m[33m;[39m
 [90m 5 |[39m 
[36mimport[39m { 
createClient } [36mfrom[39m 
[32m"../../../../lib/supabase
/client"[39m[33m;[39m
[31m[1m>[22m[39m[90m 6 
|[39m [36mimport[39m { 
[33mMONTHS[39m[33m,[39m [
33mRECORD_TYPES[39m[33m,[39
m formatUSD[33m,[39m 
getYearRange } [36mfrom[39m 
[32m"../../../../lib/constant
s"[39m[33m;[39m
 [90m   |[39m [31m[1m^[22
m[39m[31m[1m^[22m[39m[31
m[1m^[22m[39m[31m[1m^[22
m[39m[31m[1m^[22m[39m[31
m[1m^[22m[39m[31m[1m^[22
m[39m[31m[1m^[22m[39m[31
m[1m^[22m[39m[31m[1m^[22
m[39m[31m[1m^[22m[39m[31
m[1m^[22m[39m[31m[1m^[22
m[39m[31m[1m^[22m[39m[31
m[1m^[22m[39m[31m[1m^[22
m[39m[31m[1m^[22m[39m[31
m[1m^[22m[39m[31m[1m^[22
m[39m[31m[1m^[22m[39m[31
m[1m^[22m[39m[31m[1m^[22
m[39m[31m[1m^[22m[39m[31
m[1m^[22m[39m[31m[1m^[22
m[39m[31m[1m^[22m[39m[31
m[1m^[22m[39m[31m[1m^[22
m[39m[31m[1m^[22m[39m[31
m[1m^[22m[39m[31m[1m^[22
m[39m[31m[1m^[22m[39m[31
m[1m^[22m[39m[31m[1m^[22
m[39m[31m[1m^[22m[39m[31
m[1m^[22m[39m[31m[1m^[22
m[39m[31m[1m^[22m[39m[31
m[1m^[22m[39m[31m[1m^[22
m[39m[31m[1m^[22m[39m[31
m[1m^[22m[39m[31m[1m^[22
m[39m[31m[1m^[22m[39m[31
m[1m^[22m[39m[31m[1m^[22
m[39m[31m[1m^[22m[39m[31
m[1m^[22m[39m[31m[1m^[22
m[39m[31m[1m^[22m[39m[31
m[1m^[22m[39m[31m[1m^[22
m[39m[31m[1m^[22m[39m[31
m[1m^[22m[39m[31m[1m^[22
m[39m[31m[1m^[22m[39m[31
m[1m^[22m[39m[31m[1m^[22
m[39m[31m[1m^[22m[39m[31
m[1m^[22m[39m[31m[1m^[22
m[39m[31m[1m^[22m[39m[31
m[1m^[22m[39m[31m[1m^[22
m[39m[31m[1m^[22m[39m[31
m[1m^[22m[39m[31m[1m^[22
m[39m[31m[1m^[22m[39m[31
m[1m^[22m[39m[31m[1m^[22
m[39m[31m[1m^[22m[39m[31
m[1m^[22m[39m[31m[1m^[22
m[39m[31m[1m^[22m[39m[31
m[1m^[22m[39m[31m[1m^[22
m[39m[31m[1m^[22m[39m[31
m[1m^[22m[39m[31m[1m^[22
m[39m[31m[1m^[22m[39m[31
m[1m^[22m[39m[31m[1m^[22
m[39m[31m[1m^[22m[39m[31
m[1m^[22m[39m[31m[1m^[22
m[39m[31m[1m^[22m[39m[31
m[1m^[22m[39m[31m[1m^[22
m[39m[31m[1m^[22m[39m[31
m[1m^[22m[39m
 [90m 7 |[39m 
[36mimport[39m type { [33mS
alesRecord[39m[33m,[39m 
[33mCategory[39m[33m,[39m 
[33mRecordType[39m } 
[36mfrom[39m [32m"../../../
../types/database"[39m[33m;
[39m
 [90m 8 |[39m 
[36mimport[39m { 
[33mButton[39m } 
[36mfrom[39m [32m"../../../
../components/ui/button"[39m
[33m;[39m
 [90m 9 |[39m 
[36mimport[39m {[0m



Import traces:
  Client Component Browser:
    ./src/app/(dashboard)/tabl
as/page.tsx [Client Component 
Browser]
    ./src/app/(dashboard)/tabl
as/page.tsx [Server Component]

  Client Component SSR:
    ./src/app/(dashboard)/tabl
as/page.tsx [Client Component 
SSR]
    ./src/app/(dashboard)/tabl
as/page.tsx [Server Component]

https://nextjs.org/docs/messag
es/module-not-found


./src/app/(dashboard)/home/pag
e.tsx:7:1
Module not found: Can't 
resolve '../../../../lib/supab
ase/client'
[0m [90m  5 |[39m 
[36mimport[39m { 
[33mBarChartMonthly[39m } 
[36mfrom[39m [32m"../../../
../components/charts/bar-chart
-monthly"[39m[33m;[39m
 [90m  6 |[39m 
[36mimport[39m { 
[33mBarChartByCategory[39m 
} [36mfrom[39m [32m"../../.
./../components/charts/bar-cha
rt-by-category"[39m[33m;[39
m
[31m[1m>[22m[39m[90m  7 
|[39m [36mimport[39m { 
createClient } [36mfrom[39m 
[32m"../../../../lib/supabase
/client"[39m[33m;[39m
 [90m    |[39m [31m[1m^[2
2m[39m[31m[1m^[22m[39m[3
1m[1m^[22m[39m[31m[1m^[2
2m[39m[31m[1m^[22m[39m[3
1m[1m^[22m[39m[31m[1m^[2
2m[39m[31m[1m^[22m[39m[3
1m[1m^[22m[39m[31m[1m^[2
2m[39m[31m[1m^[22m[39m[3
1m[1m^[22m[39m[31m[1m^[2
2m[39m[31m[1m^[22m[39m[3
1m[1m^[22m[39m[31m[1m^[2
2m[39m[31m[1m^[22m[39m[3
1m[1m^[22m[39m[31m[1m^[2
2m[39m[31m[1m^[22m[39m[3
1m[1m^[22m[39m[31m[1m^[2
2m[39m[31m[1m^[22m[39m[3
1m[1m^[22m[39m[31m[1m^[2
2m[39m[31m[1m^[22m[39m[3
1m[1m^[22m[39m[31m[1m^[2
2m[39m[31m[1m^[22m[39m[3
1m[1m^[22m[39m[31m[1m^[2
2m[39m[31m[1m^[22m[39m[3
1m[1m^[22m[39m[31m[1m^[2
2m[39m[31m[1m^[22m[39m[3
1m[1m^[22m[39m[31m[1m^[2
2m[39m[31m[1m^[22m[39m[3
1m[1m^[22m[39m[31m[1m^[2
2m[39m[31m[1m^[22m[39m[3
1m[1m^[22m[39m[31m[1m^[2
2m[39m[31m[1m^[22m[39m[3
1m[1m^[22m[39m[31m[1m^[2
2m[39m[31m[1m^[22m[39m[3
1m[1m^[22m[39m[31m[1m^[2
2m[39m[31m[1m^[22m[39m[3
1m[1m^[22m[39m[31m[1m^[2
2m[39m[31m[1m^[22m[39m[3
1m[1m^[22m[39m[31m[1m^[2
2m[39m[31m[1m^[22m[39m[3
1m[1m^[22m[39m[31m[1m^[2
2m[39m[31m[1m^[22m[39m[3
1m[1m^[22m[39m[31m[1m^[2
2m[39m[31m[1m^[22m[39m[3
1m[1m^[22m[39m
 [90m  8 |[39m 
[36mimport[39m { 
[33mMONTHS[39m[33m,[39m 
formatUSD[33m,[39m 
getYearRange } [36mfrom[39m 
[32m"../../../../lib/constant
s"[39m[33m;[39m
 [90m  9 |[39m 
[36mimport[39m {
 [90m 10 |[39m   [33mSelect
[39m[33m,[39m[0m



Import traces:
  Client Component Browser:
    ./src/app/(dashboard)/home
/page.tsx [Client Component 
Browser]
    ./src/app/(dashboard)/home
/page.tsx [Server Component]

  Client Component SSR:
    ./src/app/(dashboard)/home
/page.tsx [Client Component 
SSR]
    ./src/app/(dashboard)/home
/page.tsx [Server Component]

https://nextjs.org/docs/messag
es/module-not-found


./src/app/(dashboard)/tablas/p
age.tsx:31:1
Module not found: Can't 
resolve 
'../../../../lib/utils'
[0m [90m 29 |[39m 
[36mimport[39m { 
getCategories } 
[36mfrom[39m [32m"../../../
../actions/category-actions"[
39m[33m;[39m
 [90m 30 |[39m 
[36mimport[39m { useAuth } 
[36mfrom[39m [32m"../../../
../components/providers/auth-p
rovider"[39m[33m;[39m
[31m[1m>[22m[39m[90m 31 
|[39m [36mimport[39m { cn 
} [36mfrom[39m [32m"../../.
./../lib/utils"[39m[33m;[39
m
 [90m    |[39m [31m[1m^[2
2m[39m[31m[1m^[22m[39m[3
1m[1m^[22m[39m[31m[1m^[2
2m[39m[31m[1m^[22m[39m[3
1m[1m^[22m[39m[31m[1m^[2
2m[39m[31m[1m^[22m[39m[3
1m[1m^[22m[39m[31m[1m^[2
2m[39m[31m[1m^[22m[39m[3
1m[1m^[22m[39m[31m[1m^[2
2m[39m[31m[1m^[22m[39m[3
1m[1m^[22m[39m[31m[1m^[2
2m[39m[31m[1m^[22m[39m[3
1m[1m^[22m[39m[31m[1m^[2
2m[39m[31m[1m^[22m[39m[3
1m[1m^[22m[39m[31m[1m^[2
2m[39m[31m[1m^[22m[39m[3
1m[1m^[22m[39m[31m[1m^[2
2m[39m[31m[1m^[22m[39m[3
1m[1m^[22m[39m[31m[1m^[2
2m[39m[31m[1m^[22m[39m[3
1m[1m^[22m[39m[31m[1m^[2
2m[39m[31m[1m^[22m[39m[3
1m[1m^[22m[39m[31m[1m^[2
2m[39m[31m[1m^[22m[39m[3
1m[1m^[22m[39m[31m[1m^[2
2m[39m[31m[1m^[22m[39m[3
1m[1m^[22m[39m[31m[1m^[2
2m[39m[31m[1m^[22m[39m[3
1m[1m^[22m[39m[31m[1m^[2
2m[39m
 [90m 32 |[39m
 [90m 33 |[39m 
[36minterface[39m 
[33mPivotRow[39m {
 [90m 34 |[39m   
category_id[33m:[39m 
string[33m;[39m[0m



Import traces:
  Client Component Browser:
    ./src/app/(dashboard)/tabl
as/page.tsx [Client Component 
Browser]
    ./src/app/(dashboard)/tabl
as/page.tsx [Server Component]

  Client Component SSR:
    ./src/app/(dashboard)/tabl
as/page.tsx [Client Component 
SSR]
    ./src/app/(dashboard)/tabl
as/page.tsx [Server Component]

https://nextjs.org/docs/messag
es/module-not-found


    at <unknown> (./src/app/(d
ashboard)/tablas/page.tsx:29:1
)
    at <unknown> (https://next
js.org/docs/messages/module-no
t-found)
    at <unknown> (./src/app/(d
ashboard)/tablas/page.tsx:28:1
)
    at <unknown> (https://next
js.org/docs/messages/module-no
t-found)
    at <unknown> (./src/app/(d
ashboard)/home/page.tsx:4:1)
    at <unknown> (https://next
js.org/docs/messages/module-no
t-found)
    at <unknown> (./src/app/(d
ashboard)/home/page.tsx:6:1)
    at <unknown> (https://next
js.org/docs/messages/module-no
t-found)
    at <unknown> (./src/app/(d
ashboard)/home/page.tsx:5:1)
    at <unknown> (https://next
js.org/docs/messages/module-no
t-found)
    at <unknown> (./src/app/(d
ashboard)/tablas/page.tsx:30:1
)
    at <unknown> (https://next
js.org/docs/messages/module-no
t-found)
    at <unknown> (./src/app/(d
ashboard)/tablas/page.tsx:24:1
)
    at <unknown> (https://next
js.org/docs/messages/module-no
t-found)
    at <unknown> (./src/app/(d
ashboard)/tablas/page.tsx:8:1)
    at <unknown> (https://next
js.org/docs/messages/module-no
t-found)
    at <unknown> (./src/app/(d
ashboard)/home/page.tsx:9:1)
    at <unknown> (https://next
js.org/docs/messages/module-no
t-found)
    at <unknown> (./src/app/(d
ashboard)/tablas/page.tsx:9:1)
    at <unknown> (https://next
js.org/docs/messages/module-no
t-found)
    at <unknown> (./src/app/(d
ashboard)/home/page.tsx:17:1)
    at <unknown> (https://next
js.org/docs/messages/module-no
t-found)
    at <unknown> (./src/app/(d
ashboard)/tablas/page.tsx:25:1
)
    at <unknown> (https://next
js.org/docs/messages/module-no
t-found)
    at <unknown> (./src/app/(d
ashboard)/tablas/page.tsx:16:1
)
    at <unknown> (https://next
js.org/docs/messages/module-no
t-found)
    at <unknown> (./src/app/(d
ashboard)/home/page.tsx:8:1)
    at <unknown> (https://next
js.org/docs/messages/module-no
t-found)
    at <unknown> (./src/app/(d
ashboard)/tablas/page.tsx:6:1)
    at <unknown> (https://next
js.org/docs/messages/module-no
t-found)
    at <unknown> (./src/app/(d
ashboard)/home/page.tsx:7:1)
    at <unknown> (https://next
js.org/docs/messages/module-no
t-found)
    at <unknown> (./src/app/(d
ashboard)/tablas/page.tsx:31:1
)
    at <unknown> (https://next
js.org/docs/messages/module-no
t-found)
